// Jest Snapshot v1, https://goo.gl/fbAQLP

exports[`Gallery component renders correctly 1`] = `
<ul
  class=""
>
  <li>
    <figure>
      <img
        alt="Image alt tag"
        loading="lazy"
        src="https://res.cloudinary.com/nicolebunge/image/upload/f_auto,q_auto/v1627923793/nicolebunge.com/path/to/image.jpg"
      />
    </figure>
  </li>
</ul>
`;
