// Jest Snapshot v1, https://goo.gl/fbAQLP

exports[`Column component renders correctly 1`] = `
<div
  class="undefined"
/>
`;
