// Jest Snapshot v1, https://goo.gl/fbAQLP

exports[`Label component renders correctly 1`] = `
<label
  class=""
  for="name"
>
  Label
</label>
`;
