// Jest Snapshot v1, https://goo.gl/fbAQLP

exports[`Main component renders correctly 1`] = `
<main
  class="main"
  role="main"
>
  Main
</main>
`;
