// Jest Snapshot v1, https://goo.gl/fbAQLP

exports[`Cloudinary image component renders correctly 1`] = `
<img
  alt="Image alt text"
  loading="lazy"
  src="https://res.cloudinary.com/nicolebunge/image/upload/f_auto,q_auto/v1627923793/nicolebunge.com/path/to/image.jpg"
/>
`;
